// Jest Snapshot v1, https://goo.gl/fbAQLP

exports[`Loading component rendering renders Loading 1`] = `
<div
  aria-busy="true"
  className="Loading"
  role="alert"
>
  <Loader
    color="#ffffff"
    css=""
    loading={true}
    size={35}
  />
</div>
`;
